out 0 00000000000000000000000000000001 00000001 1
out 1 00000000000000000000000000000010 00000002 2
out 2 00000000000000000000000000011110 0000001e 30
out 3 00000000000000000000000000101101 0000002d 45
out 4 00000000000000000000000000010110 00000016 22
out 5 00000000000000000000000000100001 00000021 33